// Jest Snapshot v1, https://goo.gl/fbAQLP

exports[`renders correctly 1`] = `<reign_of_terra />`;
